[html.hixstudio.net/listbnb-prv/listbnb/index.html]
[backblue.gif]
[fade.gif]
[index.html]
[html.hixstudio.net/listbnb-prv/listbnb/assets/img/logo/favicon.png]
[html.hixstudio.net/listbnb-prv/listbnb/assets/css/animate.css]
[html.hixstudio.net/listbnb-prv/listbnb/assets/css/bootstrap.css]
[html.hixstudio.net/listbnb-prv/listbnb/assets/css/swiper-bundle.css]
[html.hixstudio.net/listbnb-prv/listbnb/assets/css/slick.css]
[html.hixstudio.net/listbnb-prv/listbnb/assets/css/magnific-popup.css]
[html.hixstudio.net/listbnb-prv/listbnb/assets/css/spacing.css]
[html.hixstudio.net/listbnb-prv/listbnb/assets/css/font-awesome-pro.css]
[html.hixstudio.net/listbnb-prv/listbnb/assets/css/custom-animation.css]
[html.hixstudio.net/listbnb-prv/listbnb/assets/css/main.css]
[html.hixstudio.net/listbnb-prv/listbnb/assets/img/logo/logo-white.png]
[html.hixstudio.net/listbnb-prv/listbnb/assets/img/logo/logo.png]
[html.hixstudio.net/listbnb-prv/listbnb/assets/img/menu/home-1.jpg]
[html.hixstudio.net/listbnb-prv/listbnb/assets/img/menu/home-2.jpg]
[html.hixstudio.net/listbnb-prv/listbnb/index-2.html]
[html.hixstudio.net/listbnb-prv/listbnb/assets/img/menu/home-3.jpg]
[html.hixstudio.net/listbnb-prv/listbnb/index-3.html]
[html.hixstudio.net/listbnb-prv/listbnb/listing-grid.html]
[html.hixstudio.net/listbnb-prv/listbnb/listing-list.html]
[html.hixstudio.net/listbnb-prv/listbnb/listing-ads.html]
[html.hixstudio.net/listbnb-prv/listbnb/listing-details-1.html]
[html.hixstudio.net/listbnb-prv/listbnb/listing-details-2.html]
[html.hixstudio.net/listbnb-prv/listbnb/about-us.html]
[html.hixstudio.net/listbnb-prv/listbnb/faq.html]
[html.hixstudio.net/listbnb-prv/listbnb/login.html]
[html.hixstudio.net/listbnb-prv/listbnb/register.html]
[html.hixstudio.net/listbnb-prv/listbnb/conversation.html]
[html.hixstudio.net/listbnb-prv/listbnb/profile.html]
[html.hixstudio.net/listbnb-prv/listbnb/store.html]
[html.hixstudio.net/listbnb-prv/listbnb/store-list.html]
[html.hixstudio.net/listbnb-prv/listbnb/blog-sidebar.html]
[html.hixstudio.net/listbnb-prv/listbnb/blog-details.html]
[html.hixstudio.net/listbnb-prv/listbnb/404.html]
[html.hixstudio.net/listbnb-prv/listbnb/coming-soon.html]
[html.hixstudio.net/listbnb-prv/listbnb/price.html]
[html.hixstudio.net/listbnb-prv/listbnb/contact.html]
[html.hixstudio.net/listbnb-prv/listbnb/contact-2.html]
[html.hixstudio.net/listbnb-prv/listbnb/assets/img/category/category-sm-1-1.png]
[html.hixstudio.net/listbnb-prv/listbnb/assets/img/category/category-sm-1-2.png]
[html.hixstudio.net/listbnb-prv/listbnb/assets/img/category/category-sm-1-3.png]
[html.hixstudio.net/listbnb-prv/listbnb/assets/img/category/category-sm-1-4.png]
[html.hixstudio.net/listbnb-prv/listbnb/assets/img/category/category-sm-1-5.png]
[html.hixstudio.net/listbnb-prv/listbnb/assets/img/category/category-sm-1-6.png]
[html.hixstudio.net/listbnb-prv/listbnb/assets/img/category/category-sm-1-7.png]
[html.hixstudio.net/listbnb-prv/listbnb/assets/img/category/category-sm-1-8.png]
[html.hixstudio.net/listbnb-prv/listbnb/assets/img/category/category-sm-1-9.png]
[html.hixstudio.net/listbnb-prv/listbnb/assets/img/hero/shape-1-3.png]
[html.hixstudio.net/listbnb-prv/listbnb/assets/img/hero/shape-1-1.png]
[html.hixstudio.net/listbnb-prv/listbnb/assets/img/hero/hero-1-1.jpg]
[html.hixstudio.net/listbnb-prv/listbnb/assets/img/hero/hero-1-3.jpg]
[html.hixstudio.net/listbnb-prv/listbnb/assets/img/hero/shape-1-2.png]
[html.hixstudio.net/listbnb-prv/listbnb/assets/img/hero/hero-1-2.jpg]
[html.hixstudio.net/listbnb-prv/listbnb/assets/img/location/thumb-1-1.jpg]
[html.hixstudio.net/listbnb-prv/listbnb/assets/img/location/thumb-1-2.jpg]
[html.hixstudio.net/listbnb-prv/listbnb/assets/img/location/thumb-1-3.jpg]
[html.hixstudio.net/listbnb-prv/listbnb/assets/img/location/thumb-1-4.jpg]
[html.hixstudio.net/listbnb-prv/listbnb/assets/img/location/thumb-1-5.jpg]
[html.hixstudio.net/listbnb-prv/listbnb/assets/img/listing/listing-1-1.jpg]
[html.hixstudio.net/listbnb-prv/listbnb/assets/img/avata/avata-sm-1-1.png]
[html.hixstudio.net/listbnb-prv/listbnb/assets/img/listing/listing-1-2.jpg]
[html.hixstudio.net/listbnb-prv/listbnb/assets/img/avata/avata-sm-1-2.png]
[html.hixstudio.net/listbnb-prv/listbnb/assets/img/listing/listing-1-8.jpg]
[html.hixstudio.net/listbnb-prv/listbnb/assets/img/avata/avata-sm-1-3.png]
[html.hixstudio.net/listbnb-prv/listbnb/assets/img/listing/listing-1-3.jpg]
[html.hixstudio.net/listbnb-prv/listbnb/assets/img/avata/avata-sm-1-4.png]
[html.hixstudio.net/listbnb-prv/listbnb/assets/img/listing/listing-1-4.jpg]
[html.hixstudio.net/listbnb-prv/listbnb/assets/img/avata/avata-sm-1-5.png]
[html.hixstudio.net/listbnb-prv/listbnb/assets/img/listing/listing-1-5.jpg]
[html.hixstudio.net/listbnb-prv/listbnb/assets/img/avata/avata-sm-1-6.png]
[html.hixstudio.net/listbnb-prv/listbnb/assets/img/listing/listing-1-7.jpg]
[html.hixstudio.net/listbnb-prv/listbnb/assets/img/avata/avata-sm-1-7.png]
[html.hixstudio.net/listbnb-prv/listbnb/assets/img/listing/listing-1-6.jpg]
[html.hixstudio.net/listbnb-prv/listbnb/assets/img/category/category-1-1.png]
[html.hixstudio.net/listbnb-prv/listbnb/assets/img/category/category-1-2.png]
[html.hixstudio.net/listbnb-prv/listbnb/assets/img/category/category-1-3.png]
[html.hixstudio.net/listbnb-prv/listbnb/assets/img/category/category-1-4.png]
[html.hixstudio.net/listbnb-prv/listbnb/assets/img/brand/brand-1-1.png]
[html.hixstudio.net/listbnb-prv/listbnb/assets/img/brand/brand-1-2.png]
[html.hixstudio.net/listbnb-prv/listbnb/assets/img/brand/brand-1-3.png]
[html.hixstudio.net/listbnb-prv/listbnb/assets/img/brand/brand-1-4.png]
[html.hixstudio.net/listbnb-prv/listbnb/assets/img/brand/brand-1-5.png]
[html.hixstudio.net/listbnb-prv/listbnb/assets/img/brand/brand-1-6.png]
[html.hixstudio.net/listbnb-prv/listbnb/assets/img/brand/brand-1-7.png]
[html.hixstudio.net/listbnb-prv/listbnb/assets/img/brand/brand-1-8.png]
[html.hixstudio.net/listbnb-prv/listbnb/assets/img/brand/brand-1-9.png]
[html.hixstudio.net/listbnb-prv/listbnb/assets/img/brand/thumb-1-1.png]
[html.hixstudio.net/listbnb-prv/listbnb/assets/img/avata/avata-2-1.png]
[html.hixstudio.net/listbnb-prv/listbnb/assets/img/avata/avata-2-2.png]
[html.hixstudio.net/listbnb-prv/listbnb/assets/img/blog/thumb-1-1.jpg]
[html.hixstudio.net/listbnb-prv/listbnb/assets/img/blog/thumb-1-2.jpg]
[html.hixstudio.net/listbnb-prv/listbnb/assets/img/logo/logo-white-2.png]
[html.hixstudio.net/listbnb-prv/listbnb/assets/js/vendor/jquery.js]
[html.hixstudio.net/listbnb-prv/listbnb/assets/js/bootstrap-bundle.js]
[html.hixstudio.net/listbnb-prv/listbnb/assets/js/swiper-bundle.js]
[html.hixstudio.net/listbnb-prv/listbnb/assets/js/slick.js]
[html.hixstudio.net/listbnb-prv/listbnb/assets/js/magnific-popup.js]
[html.hixstudio.net/listbnb-prv/listbnb/assets/js/nice-select.js]
[html.hixstudio.net/listbnb-prv/listbnb/assets/js/purecounter.js]
[html.hixstudio.net/listbnb-prv/listbnb/assets/js/countdown.js]
[html.hixstudio.net/listbnb-prv/listbnb/assets/js/wow.js]
[html.hixstudio.net/listbnb-prv/listbnb/assets/js/isotope-pkgd.js]
[html.hixstudio.net/listbnb-prv/listbnb/assets/js/imagesloaded-pkgd.js]
[html.hixstudio.net/listbnb-prv/listbnb/assets/js/ajax-form.js]
[html.hixstudio.net/listbnb-prv/listbnb/index.html]
[html.hixstudio.net/listbnb-prv/listbnb/assets/css/bootstrap.css]
[html.hixstudio.net/listbnb-prv/listbnb/assets/css/animate.css]
[html.hixstudio.net/listbnb-prv/listbnb/assets/css/swiper-bundle.css]
[html.hixstudio.net/listbnb-prv/listbnb/assets/css/slick.css]
[html.hixstudio.net/listbnb-prv/listbnb/assets/css/magnific-popup.css]
[html.hixstudio.net/listbnb-prv/listbnb/assets/js/main.js]
[html.hixstudio.net/listbnb-prv/listbnb/assets/fonts/fa-brands-400.woff2]
[html.hixstudio.net/listbnb-prv/listbnb/assets/fonts/fa-brands-400.ttf]
[html.hixstudio.net/listbnb-prv/listbnb/assets/fonts/fa-duotone-900.woff2]
[html.hixstudio.net/listbnb-prv/listbnb/assets/fonts/fa-duotone-900.ttf]
[html.hixstudio.net/listbnb-prv/listbnb/assets/fonts/fa-light-300.woff2]
[html.hixstudio.net/listbnb-prv/listbnb/assets/fonts/fa-regular-400.woff2]
[html.hixstudio.net/listbnb-prv/listbnb/assets/fonts/fa-light-300.ttf]
[html.hixstudio.net/listbnb-prv/listbnb/assets/fonts/fa-solid-900.woff2]
[html.hixstudio.net/listbnb-prv/listbnb/assets/fonts/fa-solid-900.ttf]
[html.hixstudio.net/listbnb-prv/listbnb/assets/fonts/fa-thin-100.woff2]
[html.hixstudio.net/listbnb-prv/listbnb/assets/fonts/fa-regular-400.ttf]
[html.hixstudio.net/listbnb-prv/listbnb/assets/fonts/fa-thin-100.ttf]
[html.hixstudio.net/listbnb-prv/listbnb/assets/fonts/fa-v4compatibility.woff2]
[html.hixstudio.net/listbnb-prv/listbnb/assets/fonts/fa-v4compatibility.ttf]
[html.hixstudio.net/listbnb-prv/listbnb/assets/css/font-awesome-pro.css]
[html.hixstudio.net/listbnb-prv/listbnb/assets/css/spacing.css]
[html.hixstudio.net/listbnb-prv/listbnb/assets/css/custom-animation.css]
[html.hixstudio.net/listbnb-prv/listbnb/assets/img/icon/cross-out.png]
[html.hixstudio.net/listbnb-prv/listbnb/assets/img/cross-out.png]
[html.hixstudio.net/listbnb-prv/listbnb/assets/css/images/ui-icons_444444_256x240.png]
[html.hixstudio.net/listbnb-prv/listbnb/assets/css/images/ui-icons_555555_256x240.png]
[html.hixstudio.net/listbnb-prv/listbnb/assets/css/images/ui-icons_ffffff_256x240.png]
[html.hixstudio.net/listbnb-prv/listbnb/assets/css/images/ui-icons_777620_256x240.png]
[html.hixstudio.net/listbnb-prv/listbnb/assets/css/images/ui-icons_cc0000_256x240.png]
[html.hixstudio.net/listbnb-prv/listbnb/assets/css/images/ui-icons_777777_256x240.png]
[html.hixstudio.net/listbnb-prv/listbnb/assets/css/main.css]
[html.hixstudio.net/listbnb-prv/listbnb/assets/img/hero/shape-2-1.png]
[html.hixstudio.net/listbnb-prv/listbnb/assets/img/shape/hero/shape-2-1.png]
[html.hixstudio.net/listbnb-prv/listbnb/assets/img/hero/hero-2-1.jpg]
[html.hixstudio.net/listbnb-prv/listbnb/assets/img/fea-ads/ads-1-1.png]
[html.hixstudio.net/listbnb-prv/listbnb/assets/img/avata/avata-1-1.png]
[html.hixstudio.net/listbnb-prv/listbnb/assets/img/fea-ads/ads-1-2.png]
[html.hixstudio.net/listbnb-prv/listbnb/assets/img/fea-ads/ads-1-3.png]
[html.hixstudio.net/listbnb-prv/listbnb/assets/img/fea-ads/ads-1-4.png]
[html.hixstudio.net/listbnb-prv/listbnb/assets/img/fea-ads/promotion-1-1.png]
[html.hixstudio.net/listbnb-prv/listbnb/assets/img/fea-ads/promotion-1-2.png]
[html.hixstudio.net/listbnb-prv/listbnb/assets/img/fea-ads/promotion-1-3.png]
[html.hixstudio.net/listbnb-prv/listbnb/assets/img/faq/faq-1-1.png]
[html.hixstudio.net/listbnb-prv/listbnb/assets/img/faq/shape-1-1.png]
[html.hixstudio.net/listbnb-prv/listbnb/assets/img/listing/listing-2-1.jpg]
[html.hixstudio.net/listbnb-prv/listbnb/assets/img/listing/listing-2-2.jpg]
[html.hixstudio.net/listbnb-prv/listbnb/assets/img/listing/listing-3-1.jpg]
[html.hixstudio.net/listbnb-prv/listbnb/assets/img/listing/listing-3-2.jpg]
[html.hixstudio.net/listbnb-prv/listbnb/assets/img/listing/listing-3-3.jpg]
[html.hixstudio.net/listbnb-prv/listbnb/assets/img/listing/listing-3-4.jpg]
[html.hixstudio.net/listbnb-prv/listbnb/assets/img/listing/listing-3-5.jpg]
[html.hixstudio.net/listbnb-prv/listbnb/assets/img/listing/listing-3-6.jpg]
[html.hixstudio.net/listbnb-prv/listbnb/assets/img/testimonial/bg.jpg]
[html.hixstudio.net/listbnb-prv/listbnb/assets/img/testimonial/author1-1.jpg]
[html.hixstudio.net/listbnb-prv/listbnb/assets/img/testimonial/thumb-1-1.png]
[html.hixstudio.net/listbnb-prv/listbnb/assets/img/testimonial/author1-2.jpg]
[html.hixstudio.net/listbnb-prv/listbnb/assets/img/testimonial/author1-3.jpg]
[html.hixstudio.net/listbnb-prv/listbnb/assets/img/blog/shape-2-1.png]
[html.hixstudio.net/listbnb-prv/listbnb/assets/img/blog/thumb-2-1.jpg]
[html.hixstudio.net/listbnb-prv/listbnb/assets/img/blog/thumb-2-2.jpg]
[html.hixstudio.net/listbnb-prv/listbnb/assets/img/blog/thumb-2-3.jpg]
[html.hixstudio.net/listbnb-prv/listbnb/assets/img/shape/footer/shape-1-1.png]
[html.hixstudio.net/listbnb-prv/listbnb/assets/img/shape/footer/shape-1-2.png]
[html.hixstudio.net/listbnb-prv/listbnb/assets/img/logo/logo-black.png]
[html.hixstudio.net/listbnb-prv/listbnb/index-2.html]
[html.hixstudio.net/listbnb-prv/listbnb/assets/img/hero/shape-3-3.png]
[html.hixstudio.net/listbnb-prv/listbnb/assets/img/hero/shape-3-1.png]
[html.hixstudio.net/listbnb-prv/listbnb/assets/img/hero/shape-3-2.png]
[html.hixstudio.net/listbnb-prv/listbnb/assets/img/hero/hero-3-1.jpg]
[html.hixstudio.net/listbnb-prv/listbnb/assets/img/hero/hero-3-2.jpg]
[html.hixstudio.net/listbnb-prv/listbnb/assets/img/hero/product-1-1.png]
[html.hixstudio.net/listbnb-prv/listbnb/assets/img/about/shape-1-1.png]
[html.hixstudio.net/listbnb-prv/listbnb/assets/img/about/shape-2.png]
[html.hixstudio.net/listbnb-prv/listbnb/assets/img/choose/thumb-1.jpg]
[html.hixstudio.net/listbnb-prv/listbnb/assets/img/shape/city/shape-1-1.png]
[html.hixstudio.net/listbnb-prv/listbnb/assets/img/city/city-1-1.jpg]
[html.hixstudio.net/listbnb-prv/listbnb/assets/img/city/map-1-1.png]
[html.hixstudio.net/listbnb-prv/listbnb/assets/img/city/city-1-2.jpg]
[html.hixstudio.net/listbnb-prv/listbnb/assets/img/city/map-1-2.png]
[html.hixstudio.net/listbnb-prv/listbnb/assets/img/city/city-1-3.jpg]
[html.hixstudio.net/listbnb-prv/listbnb/assets/img/city/map-1-3.png]
[html.hixstudio.net/listbnb-prv/listbnb/assets/img/city/city-1-4.jpg]
[html.hixstudio.net/listbnb-prv/listbnb/assets/img/city/map-1-4.png]
[html.hixstudio.net/listbnb-prv/listbnb/assets/img/city/city-1-5.jpg]
[html.hixstudio.net/listbnb-prv/listbnb/assets/img/city/map-1-5.png]
[html.hixstudio.net/listbnb-prv/listbnb/assets/img/city/city-1-6.jpg]
[html.hixstudio.net/listbnb-prv/listbnb/assets/img/city/map-1-6.png]
[html.hixstudio.net/listbnb-prv/listbnb/assets/img/testimonial/author3-1.jpg]
[html.hixstudio.net/listbnb-prv/listbnb/assets/img/avata/avata-2-3.png]
[html.hixstudio.net/listbnb-prv/listbnb/assets/img/avata/avata-2-4.png]
[html.hixstudio.net/listbnb-prv/listbnb/assets/img/brand/brand-2-1.png]
[html.hixstudio.net/listbnb-prv/listbnb/assets/img/brand/brand-2-2.png]
[html.hixstudio.net/listbnb-prv/listbnb/assets/img/brand/brand-2-3.png]
[html.hixstudio.net/listbnb-prv/listbnb/assets/img/brand/brand-2-4.png]
[html.hixstudio.net/listbnb-prv/listbnb/assets/img/brand/brand-2-5.png]
[html.hixstudio.net/listbnb-prv/listbnb/assets/img/shape/price/price-bg.png]
[html.hixstudio.net/listbnb-prv/listbnb/assets/img/blog/bg.jpg]
[html.hixstudio.net/listbnb-prv/listbnb/assets/img/shape/footer/bg-1-3.png]
[html.hixstudio.net/listbnb-prv/listbnb/index-3.html]
[html.hixstudio.net/listbnb-prv/listbnb/assets/img/fea-ads/ads-1-5.png]
[html.hixstudio.net/listbnb-prv/listbnb/assets/img/fea-ads/ads-1-6.png]
[html.hixstudio.net/listbnb-prv/listbnb/assets/img/fea-ads/ads-1-7.png]
[html.hixstudio.net/listbnb-prv/listbnb/assets/img/fea-ads/ads-1-8.png]
[html.hixstudio.net/listbnb-prv/listbnb/assets/img/fea-ads/ads-1-9.png]
[html.hixstudio.net/listbnb-prv/listbnb/assets/img/fea-ads/ads-1-10.png]
[html.hixstudio.net/listbnb-prv/listbnb/assets/img/fea-ads/ads-1-11.png]
[html.hixstudio.net/listbnb-prv/listbnb/assets/img/fea-ads/ads-1-12.png]
[html.hixstudio.net/listbnb-prv/listbnb/assets/img/fea-ads/ads-1-13.png]
[html.hixstudio.net/listbnb-prv/listbnb/assets/img/fea-ads/ads-1-14.png]
[html.hixstudio.net/listbnb-prv/listbnb/assets/img/fea-ads/ads-1-16.png]
[html.hixstudio.net/listbnb-prv/listbnb/assets/img/fea-ads/ads-1-18.png]
[html.hixstudio.net/listbnb-prv/listbnb/assets/img/fea-ads/ads-2-1.png]
[html.hixstudio.net/listbnb-prv/listbnb/assets/img/fea-ads/ads-2-2.png]
[html.hixstudio.net/listbnb-prv/listbnb/assets/img/fea-ads/ads-2-3.png]
[html.hixstudio.net/listbnb-prv/listbnb/assets/img/fea-ads/ads-2-8.png]
[html.hixstudio.net/listbnb-prv/listbnb/assets/img/fea-ads/ads-2-5.png]
[html.hixstudio.net/listbnb-prv/listbnb/assets/img/fea-ads/ads-2-6.png]
[html.hixstudio.net/listbnb-prv/listbnb/assets/img/fea-ads/ads-2-7.png]
[html.hixstudio.net/listbnb-prv/listbnb/assets/img/fea-ads/ads-2-9.png]
[html.hixstudio.net/listbnb-prv/listbnb/assets/img/fea-ads/ads-2-10.png]
[html.hixstudio.net/listbnb-prv/listbnb/assets/img/listing/details-1-5.jpg]
[html.hixstudio.net/listbnb-prv/listbnb/listing-grid.html]
[html.hixstudio.net/listbnb-prv/listbnb/listing-list.html]
[cdnjs.cloudflare.com/ajax/libs/select2/4.0.0/css/select2.min.css]
[html.hixstudio.net/listbnb-prv/listbnb/assets/img/breadcrumb/breadcurmb.jpg]
[html.hixstudio.net/listbnb-prv/listbnb/assets/img/listing/list-inner.jpg]
[html.hixstudio.net/listbnb-prv/listbnb/listing-ads.html]
[html.hixstudio.net/listbnb-prv/listbnb/assets/img/listing/details-1-1.jpg]
[html.hixstudio.net/listbnb-prv/listbnb/assets/img/listing/details-1-2.jpg]
[html.hixstudio.net/listbnb-prv/listbnb/assets/img/listing/details-1-3.jpg]
[html.hixstudio.net/listbnb-prv/listbnb/assets/img/listing/details-1-4.jpg]
[html.hixstudio.net/listbnb-prv/listbnb/assets/img/avata/avata-1-2.png]
[html.hixstudio.net/listbnb-prv/listbnb/assets/img/avata/avata-1-3.png]
[html.hixstudio.net/listbnb-prv/listbnb/assets/img/avata/avata-1-4.png]
[html.hixstudio.net/listbnb-prv/listbnb/assets/img/avata/avata-1-5.png]
[html.hixstudio.net/listbnb-prv/listbnb/assets/img/avata/avata-3-1.png]
[html.hixstudio.net/listbnb-prv/listbnb/listing-details-1.html]
[html.hixstudio.net/listbnb-prv/listbnb/assets/img/listing/whislist-slider-1.jpg]
[html.hixstudio.net/listbnb-prv/listbnb/assets/img/listing/whislist-slider-2.jpg]
[html.hixstudio.net/listbnb-prv/listbnb/assets/img/listing/whislist-slider-sm-1.jpg]
[html.hixstudio.net/listbnb-prv/listbnb/assets/img/listing/whislist-slider-sm-2.jpg]
[html.hixstudio.net/listbnb-prv/listbnb/assets/img/listing/whislist-slider-sm-3.jpg]
[html.hixstudio.net/listbnb-prv/listbnb/listing-details-2.html]
[html.hixstudio.net/listbnb-prv/listbnb/assets/img/about/details-1.jpg]
[html.hixstudio.net/listbnb-prv/listbnb/assets/img/shape/journey/shape-1-1.png]
[html.hixstudio.net/listbnb-prv/listbnb/assets/img/team/team-1-1.jpg]
[html.hixstudio.net/listbnb-prv/listbnb/assets/img/team/team-1-2.jpg]
[html.hixstudio.net/listbnb-prv/listbnb/assets/img/team/team-1-3.jpg]
[html.hixstudio.net/listbnb-prv/listbnb/assets/img/team/team-1-4.jpg]
[html.hixstudio.net/listbnb-prv/listbnb/about-us.html]
[html.hixstudio.net/listbnb-prv/listbnb/faq.html]
[html.hixstudio.net/listbnb-prv/listbnb/assets/img/login/thumb-1-1.png]
[html.hixstudio.net/listbnb-prv/listbnb/login.html]
[html.hixstudio.net/listbnb-prv/listbnb/assets/img/login/thumb-1-2.png]
[html.hixstudio.net/listbnb-prv/listbnb/register.html]
[html.hixstudio.net/listbnb-prv/listbnb/assets/img/avata/avata-7-1.png]
[html.hixstudio.net/listbnb-prv/listbnb/assets/img/avata/avata-7-2.png]
[html.hixstudio.net/listbnb-prv/listbnb/assets/img/avata/avata-7-3.png]
[html.hixstudio.net/listbnb-prv/listbnb/assets/img/avata/avata-7-4.png]
[html.hixstudio.net/listbnb-prv/listbnb/assets/img/avata/avata-7-5.png]
[html.hixstudio.net/listbnb-prv/listbnb/assets/img/avata/avata-7-6.png]
[html.hixstudio.net/listbnb-prv/listbnb/assets/img/avata/avata-7-7.png]
[html.hixstudio.net/listbnb-prv/listbnb/conversation.html]
[html.hixstudio.net/listbnb-prv/listbnb/assets/img/avata/avata-6-1.png]
[html.hixstudio.net/listbnb-prv/listbnb/+77788855500]
[html.hixstudio.net/listbnb-prv/listbnb/profile.html]
[html.hixstudio.net/listbnb-prv/listbnb/assets/img/store/store-2-1.jpg]
[html.hixstudio.net/listbnb-prv/listbnb/assets/img/avata/avata-4-2.png]
[html.hixstudio.net/listbnb-prv/listbnb/assets/img/avata/avata-5-1.png]
[html.hixstudio.net/listbnb-prv/listbnb/assets/img/avata/avata-5-2.png]
[html.hixstudio.net/listbnb-prv/listbnb/assets/img/avata/avata-5-3.png]
[html.hixstudio.net/listbnb-prv/listbnb/assets/img/avata/avata-5-4.png]
[html.hixstudio.net/listbnb-prv/listbnb/assets/img/avata/avata-5-5.png]
[html.hixstudio.net/listbnb-prv/listbnb/assets/img/avata/avata-5-6.png]
[html.hixstudio.net/listbnb-prv/listbnb/assets/img/listing/listing-3-7.jpg]
[html.hixstudio.net/listbnb-prv/listbnb/assets/img/listing/listing-3-8.jpg]
[html.hixstudio.net/listbnb-prv/listbnb/assets/img/listing/listing-3-9.jpg]
[html.hixstudio.net/listbnb-prv/listbnb/assets/img/listing/listing-3-10.jpg]
[html.hixstudio.net/listbnb-prv/listbnb/store.html]
[html.hixstudio.net/listbnb-prv/listbnb/assets/img/store/store-1-1.jpg]
[html.hixstudio.net/listbnb-prv/listbnb/assets/img/avata/avata-4-1.png]
[html.hixstudio.net/listbnb-prv/listbnb/assets/img/store/store-1-2.jpg]
[html.hixstudio.net/listbnb-prv/listbnb/assets/img/store/store-1-3.jpg]
[html.hixstudio.net/listbnb-prv/listbnb/assets/img/avata/avata-4-3.png]
[html.hixstudio.net/listbnb-prv/listbnb/assets/img/store/store-1-4.jpg]
[html.hixstudio.net/listbnb-prv/listbnb/assets/img/avata/avata-4-4.png]
[html.hixstudio.net/listbnb-prv/listbnb/assets/img/store/store-1-5.jpg]
[html.hixstudio.net/listbnb-prv/listbnb/assets/img/avata/avata-4-5.png]
[html.hixstudio.net/listbnb-prv/listbnb/assets/img/store/store-1-6.jpg]
[html.hixstudio.net/listbnb-prv/listbnb/assets/img/avata/avata-4-6.png]
[html.hixstudio.net/listbnb-prv/listbnb/assets/img/store/store-1-7.jpg]
[html.hixstudio.net/listbnb-prv/listbnb/assets/img/avata/avata-4-7.png]
[html.hixstudio.net/listbnb-prv/listbnb/assets/img/store/store-1-8.jpg]
[html.hixstudio.net/listbnb-prv/listbnb/assets/img/avata/avata-4-8.png]
[html.hixstudio.net/listbnb-prv/listbnb/assets/img/store/store-1-9.jpg]
[html.hixstudio.net/listbnb-prv/listbnb/assets/img/avata/avata-4-9.png]
[html.hixstudio.net/listbnb-prv/listbnb/assets/img/store/store-1-10.jpg]
[html.hixstudio.net/listbnb-prv/listbnb/assets/img/avata/avata-4-10.png]
[html.hixstudio.net/listbnb-prv/listbnb/assets/img/store/store-1-11.jpg]
[html.hixstudio.net/listbnb-prv/listbnb/assets/img/avata/avata-4-11.png]
[html.hixstudio.net/listbnb-prv/listbnb/assets/img/store/store-1-12.jpg]
[html.hixstudio.net/listbnb-prv/listbnb/assets/img/avata/avata-4-12.png]
[html.hixstudio.net/listbnb-prv/listbnb/assets/img/store/store-1-13.jpg]
[html.hixstudio.net/listbnb-prv/listbnb/assets/img/avata/avata-4-13.png]
[html.hixstudio.net/listbnb-prv/listbnb/assets/img/store/store-1-14.jpg]
[html.hixstudio.net/listbnb-prv/listbnb/assets/img/avata/avata-4-14.png]
[html.hixstudio.net/listbnb-prv/listbnb/store-list.html]
[html.hixstudio.net/listbnb-prv/listbnb/assets/img/blog/blog-details-1.jpg]
[html.hixstudio.net/listbnb-prv/listbnb/assets/img/blog/blog-details-2.jpg]
[html.hixstudio.net/listbnb-prv/listbnb/assets/img/blog/blog-details-3.jpg]
[html.hixstudio.net/listbnb-prv/listbnb/assets/img/blog/details-sm-1-1.jpg]
[html.hixstudio.net/listbnb-prv/listbnb/assets/img/blog/details-sm-1-2.jpg]
[html.hixstudio.net/listbnb-prv/listbnb/assets/img/blog/details-sm-1-3.jpg]
[html.hixstudio.net/listbnb-prv/listbnb/assets/img/blog/details-sm-1-4.jpg]
[html.hixstudio.net/listbnb-prv/listbnb/blog-sidebar.html]
[html.hixstudio.net/listbnb-prv/listbnb/assets/img/blog/blog-details-4.jpg]
[html.hixstudio.net/listbnb-prv/listbnb/assets/img/blog/blog-details-5.jpg]
[html.hixstudio.net/listbnb-prv/listbnb/assets/img/blog/quot.png]
[html.hixstudio.net/listbnb-prv/listbnb/assets/img/avata/avata-8-1.png]
[html.hixstudio.net/listbnb-prv/listbnb/assets/img/blog/quot-2.png]
[html.hixstudio.net/listbnb-prv/listbnb/assets/img/blog/blog-details-1-2.png]
[html.hixstudio.net/listbnb-prv/listbnb/assets/img/blog/blog-details-1-1.png]
[html.hixstudio.net/listbnb-prv/listbnb/assets/img/avata/avata-8-2.png]
[html.hixstudio.net/listbnb-prv/listbnb/assets/img/avata/avata-8-3.png]
[html.hixstudio.net/listbnb-prv/listbnb/assets/img/avata/avata-8-4.png]
[html.hixstudio.net/listbnb-prv/listbnb/blog-details.html]
[html.hixstudio.net/listbnb-prv/listbnb/assets/img/shape/error/shape-1-1.png]
[html.hixstudio.net/listbnb-prv/listbnb/assets/img/shape/error/shape-1-2.png]
[html.hixstudio.net/listbnb-prv/listbnb/assets/img/shape/error/shape-1-3.png]
[html.hixstudio.net/listbnb-prv/listbnb/assets/img/shape/error/shape-1-4.png]
[html.hixstudio.net/listbnb-prv/listbnb/404.html]
[html.hixstudio.net/listbnb-prv/listbnb/assets/img/shape/coming-soon/shape-1-1.png]
[html.hixstudio.net/listbnb-prv/listbnb/assets/img/shape/coming-soon/shape-1-2.png]
[html.hixstudio.net/listbnb-prv/listbnb/assets/img/shape/coming-soon/shape-1-3.png]
[html.hixstudio.net/listbnb-prv/listbnb/assets/img/logo/big-logo.png]
[html.hixstudio.net/listbnb-prv/listbnb/coming-soon.html]
[html.hixstudio.net/listbnb-prv/listbnb/price.html]
[html.hixstudio.net/listbnb-prv/listbnb/assets/img/contact/thumb-1.png]
[html.hixstudio.net/listbnb-prv/listbnb/assets/img/contact/thumb-2.png]
[html.hixstudio.net/listbnb-prv/listbnb/assets/img/contact/shape-1-1.png]
[html.hixstudio.net/listbnb-prv/listbnb/assets/img/contact/shape-1-2.png]
[html.hixstudio.net/listbnb-prv/listbnb/contact.html]
[html.hixstudio.net/listbnb-prv/listbnb/assets/img/contact/bg.jpg]
[html.hixstudio.net/listbnb-prv/listbnb/assets/img/contact/thumb-1-1.png]
[html.hixstudio.net/listbnb-prv/listbnb/assets/img/contact/thumb-1-2.png]
[html.hixstudio.net/listbnb-prv/listbnb/contact-2.html]
[html.hixstudio.net/listbnb-prv/listbnb/assets/js/vendor/jquery.js]
[html.hixstudio.net/listbnb-prv/listbnb/assets/js/bootstrap-bundle.js]
[html.hixstudio.net/listbnb-prv/listbnb/e]
[html.hixstudio.net/listbnb-prv/listbnb/a.params.url]
[html.hixstudio.net/listbnb-prv/listbnb/assets/js/swiper-bundle.js]
[html.hixstudio.net/listbnb-prv/listbnb/assets/js/slick.js]
[html.hixstudio.net/listbnb-prv/listbnb/assets/js/magnific-popup.js]
[html.hixstudio.net/listbnb-prv/listbnb/assets/js/nice-select.js]
[html.hixstudio.net/listbnb-prv/listbnb/assets/js/purecounter.js]
[html.hixstudio.net/listbnb-prv/listbnb/assets/js/countdown.js]
[html.hixstudio.net/listbnb-prv/listbnb/assets/js/wow.js]
[html.hixstudio.net/listbnb-prv/listbnb/assets/js/isotope-pkgd.js]
[html.hixstudio.net/listbnb-prv/listbnb/assets/js/imagesloaded-pkgd.js]
[html.hixstudio.net/listbnb-prv/listbnb/assets/js/ajax-form.js]
[html.hixstudio.net/listbnb-prv/listbnb/assets/js/main.js]
[html.hixstudio.net/listbnb-prv/listbnb/assets/fonts/fa-duotone-900.html]
[html.hixstudio.net/listbnb-prv/listbnb/assets/fonts/fa-duotone-901.html]
[html.hixstudio.net/listbnb-prv/listbnb/assets/fonts/fa-thin-100.html]
[html.hixstudio.net/listbnb-prv/listbnb/assets/fonts/fa-thin-101.html]
[html.hixstudio.net/listbnb-prv/listbnb/assets/fonts/fa-v4compatibility.html]
[html.hixstudio.net/listbnb-prv/listbnb/assets/fonts/fa-v4compatibility-2.html]
[html.hixstudio.net/listbnb-prv/listbnb/assets/img/icon/cross-out.html]
[html.hixstudio.net/listbnb-prv/listbnb/assets/css/images/ui-icons_444444_256x240.html]
[html.hixstudio.net/listbnb-prv/listbnb/assets/css/images/ui-icons_555555_256x240.html]
[html.hixstudio.net/listbnb-prv/listbnb/assets/css/images/ui-icons_ffffff_256x240.html]
[html.hixstudio.net/listbnb-prv/listbnb/assets/css/images/ui-icons_777620_256x240.html]
[html.hixstudio.net/listbnb-prv/listbnb/assets/css/images/ui-icons_cc0000_256x240.html]
[html.hixstudio.net/listbnb-prv/listbnb/assets/css/images/ui-icons_777777_256x240.html]
[html.hixstudio.net/listbnb-prv/listbnb/assets/img/avata/avata-1-1.html]
[cdnjs.cloudflare.com/ajax/libs/select2/4.0.0/css/select2.min.css]
[html.hixstudio.net/listbnb-prv/listbnb/+77788855500.html]
[html.hixstudio.net/listbnb-prv/listbnb/e.html]
[html.hixstudio.net/listbnb-prv/listbnb/a.params.html]
